// Jest Snapshot v1, https://goo.gl/fbAQLP

exports[`App renders component 1`] = `
<styled.div>
  <Title
    level={3}
  >
    Welcome! we will find Michellin-rated restaurants near you
  </Title>
  <Autocomplete
    onClick={[Function]}
    placeholder="Please type your address or location"
  />
  <Divider />
</styled.div>
`;
