// Jest Snapshot v1, https://goo.gl/fbAQLP

exports[`Autocomplete renders component 1`] = `
<div>
  <styled.input
    id="autocomplete"
    onChange={[Function]}
    placeholder=""
    type="text"
    value=""
  />
  <Button
    block={false}
    disabled={true}
    ghost={false}
    htmlType="button"
    loading={false}
    onClick={[Function]}
    type="primary"
  >
    Go
  </Button>
</div>
`;
